../Core/Src/main.c:49:6:USART2_IRQHandler	8	static
../Core/Src/main.c:53:5:main	8	static,ignoring_inline_asm
../Core/Src/main.c:98:6:HAL_UART_RxCpltCallback	16	static
../Core/Src/main.c:114:6:Send_Response	144	static
../Core/Src/main.c:121:10:max_pulse_period	40	static
../Core/Src/main.c:133:6:Start_Pulse_Sequence	4	static
../Core/Src/main.c:156:6:Wait_For_Pulse_Completion	16	static
../Core/Src/main.c:161:6:TIM_Init	24	static
../Core/Src/main.c:174:6:TIM_Master_Init	40	static
../Core/Src/main.c:239:6:DWT_Delay_us	24	static
../Core/Src/main.c:246:6:Process_Command	168	static
../Core/Src/main.c:269:6:Parse_Pulse_Parameters	64	static
../Core/Src/main.c:298:10:Convert_To_Microseconds	16	static
../Core/Src/main.c:307:6:MX_USART2_UART_Init	8	static
../Core/Src/main.c:323:6:GPIO_Init	48	static
../Core/Src/main.c:371:6:EXTI0_IRQHandler	16	static
../Core/Src/main.c:396:6:DWT_Init	4	static
../Core/Src/main.c:406:6:SystemClock_Config	88	static
